../Core/Src/main.c:70:13:PrivilegiosSVC	40	static,ignoring_inline_asm
../Core/Src/main.c:126:6:zeros	24	static
../Core/Src/main.c:132:6:zeros_optimizada	16	static
../Core/Src/main.c:137:6:productoEscalar32	32	static
../Core/Src/main.c:142:6:productoEscalar16	32	static
../Core/Src/main.c:147:6:productoEscalar12	32	static
../Core/Src/main.c:157:6:filtroVentana10	40	static
../Core/Src/main.c:174:6:pack32to16	32	static
../Core/Src/main.c:179:9:max	32	static
../Core/Src/main.c:192:6:downsampleM	32	static
../Core/Src/main.c:201:6:invertir	24	static
../Core/Src/main.c:211:6:introducirEco	40	static
../Core/Src/main.c:228:6:introducirEco_Intrinsic	64	static,ignoring_inline_asm
../Core/Src/main.c:245:6:corr	32	static
../Core/Src/main.c:257:6:corr_Intrinsic	48	static,ignoring_inline_asm
../Core/Src/main.c:275:5:main	16952	dynamic
../Core/Src/main.c:441:6:SystemClock_Config	88	static
../Core/Src/main.c:487:13:MX_ETH_Init	8	static
../Core/Src/main.c:536:13:MX_USART3_UART_Init	8	static
../Core/Src/main.c:569:13:MX_USB_OTG_FS_PCD_Init	8	static
../Core/Src/main.c:604:13:MX_GPIO_Init	56	static
../Core/Src/main.c:662:6:Error_Handler	4	static,ignoring_inline_asm
