../Core/Src/main.c:70:13:PrivilegiosSVC	40	static,ignoring_inline_asm
../Core/Src/main.c:126:6:zeros	24	static
../Core/Src/main.c:134:6:zeros_optimizada	16	static
../Core/Src/main.c:140:6:productoEscalar32	32	static
../Core/Src/main.c:146:6:productoEscalar16	32	static
../Core/Src/main.c:152:6:productoEscalar12	32	static
../Core/Src/main.c:163:6:filtroVentana10	40	static
../Core/Src/main.c:184:6:pack32to16	32	static
../Core/Src/main.c:190:9:max	32	static
../Core/Src/main.c:204:6:downsampleM	32	static
../Core/Src/main.c:213:6:invertir	24	static
../Core/Src/main.c:224:6:introducirEco	40	static
../Core/Src/main.c:241:6:introducirEco_Intrinsic	64	static,ignoring_inline_asm
../Core/Src/main.c:260:6:corr	40	static
../Core/Src/main.c:277:5:main	16816	static
../Core/Src/main.c:479:6:SystemClock_Config	88	static
../Core/Src/main.c:525:13:MX_ETH_Init	8	static
../Core/Src/main.c:574:13:MX_USART3_UART_Init	8	static
../Core/Src/main.c:607:13:MX_USB_OTG_FS_PCD_Init	8	static
../Core/Src/main.c:642:13:MX_GPIO_Init	56	static
../Core/Src/main.c:700:6:Error_Handler	4	static,ignoring_inline_asm
