Archive member included to satisfy reference by file (symbol)

c:/st/stm32cubeide_1.12.0/stm32cubeide/plugins/com.st.stm32cube.ide.mcu.externaltools.gnu-tools-for-stm32.10.3-2021.10.win32_1.0.200.202301161003/tools/bin/../lib/gcc/arm-none-eabi/10.3.1/../../../../arm-none-eabi/lib/thumb/v7e-m+fp/hard\libc_nano.a(lib_a-errno.o)
                              ./Core/Src/syscalls.o (__errno)
c:/st/stm32cubeide_1.12.0/stm32cubeide/plugins/com.st.stm32cube.ide.mcu.externaltools.gnu-tools-for-stm32.10.3-2021.10.win32_1.0.200.202301161003/tools/bin/../lib/gcc/arm-none-eabi/10.3.1/../../../../arm-none-eabi/lib/thumb/v7e-m+fp/hard\libc_nano.a(lib_a-exit.o)
                              c:/st/stm32cubeide_1.12.0/stm32cubeide/plugins/com.st.stm32cube.ide.mcu.externaltools.gnu-tools-for-stm32.10.3-2021.10.win32_1.0.200.202301161003/tools/bin/../lib/gcc/arm-none-eabi/10.3.1/../../../../arm-none-eabi/lib/thumb/v7e-m+fp/hard/crt0.o (exit)
c:/st/stm32cubeide_1.12.0/stm32cubeide/plugins/com.st.stm32cube.ide.mcu.externaltools.gnu-tools-for-stm32.10.3-2021.10.win32_1.0.200.202301161003/tools/bin/../lib/gcc/arm-none-eabi/10.3.1/../../../../arm-none-eabi/lib/thumb/v7e-m+fp/hard\libc_nano.a(lib_a-impure.o)
                              c:/st/stm32cubeide_1.12.0/stm32cubeide/plugins/com.st.stm32cube.ide.mcu.externaltools.gnu-tools-for-stm32.10.3-2021.10.win32_1.0.200.202301161003/tools/bin/../lib/gcc/arm-none-eabi/10.3.1/../../../../arm-none-eabi/lib/thumb/v7e-m+fp/hard\libc_nano.a(lib_a-exit.o) (_global_impure_ptr)
c:/st/stm32cubeide_1.12.0/stm32cubeide/plugins/com.st.stm32cube.ide.mcu.externaltools.gnu-tools-for-stm32.10.3-2021.10.win32_1.0.200.202301161003/tools/bin/../lib/gcc/arm-none-eabi/10.3.1/../../../../arm-none-eabi/lib/thumb/v7e-m+fp/hard\libc_nano.a(lib_a-init.o)
                              c:/st/stm32cubeide_1.12.0/stm32cubeide/plugins/com.st.stm32cube.ide.mcu.externaltools.gnu-tools-for-stm32.10.3-2021.10.win32_1.0.200.202301161003/tools/bin/../lib/gcc/arm-none-eabi/10.3.1/../../../../arm-none-eabi/lib/thumb/v7e-m+fp/hard/crt0.o (__libc_init_array)
c:/st/stm32cubeide_1.12.0/stm32cubeide/plugins/com.st.stm32cube.ide.mcu.externaltools.gnu-tools-for-stm32.10.3-2021.10.win32_1.0.200.202301161003/tools/bin/../lib/gcc/arm-none-eabi/10.3.1/../../../../arm-none-eabi/lib/thumb/v7e-m+fp/hard\libc_nano.a(lib_a-memset.o)
                              c:/st/stm32cubeide_1.12.0/stm32cubeide/plugins/com.st.stm32cube.ide.mcu.externaltools.gnu-tools-for-stm32.10.3-2021.10.win32_1.0.200.202301161003/tools/bin/../lib/gcc/arm-none-eabi/10.3.1/../../../../arm-none-eabi/lib/thumb/v7e-m+fp/hard/crt0.o (memset)
c:/st/stm32cubeide_1.12.0/stm32cubeide/plugins/com.st.stm32cube.ide.mcu.externaltools.gnu-tools-for-stm32.10.3-2021.10.win32_1.0.200.202301161003/tools/bin/../lib/gcc/arm-none-eabi/10.3.1/thumb/v7e-m+fp/hard\libgcc.a(_aeabi_uldivmod.o)
                              ./Drivers/STM32F4xx_HAL_Driver/stm32f4xx_hal_rcc.o (__aeabi_uldivmod)
c:/st/stm32cubeide_1.12.0/stm32cubeide/plugins/com.st.stm32cube.ide.mcu.externaltools.gnu-tools-for-stm32.10.3-2021.10.win32_1.0.200.202301161003/tools/bin/../lib/gcc/arm-none-eabi/10.3.1/thumb/v7e-m+fp/hard\libgcc.a(_udivmoddi4.o)
                              c:/st/stm32cubeide_1.12.0/stm32cubeide/plugins/com.st.stm32cube.ide.mcu.externaltools.gnu-tools-for-stm32.10.3-2021.10.win32_1.0.200.202301161003/tools/bin/../lib/gcc/arm-none-eabi/10.3.1/thumb/v7e-m+fp/hard\libgcc.a(_aeabi_uldivmod.o) (__udivmoddi4)
c:/st/stm32cubeide_1.12.0/stm32cubeide/plugins/com.st.stm32cube.ide.mcu.externaltools.gnu-tools-for-stm32.10.3-2021.10.win32_1.0.200.202301161003/tools/bin/../lib/gcc/arm-none-eabi/10.3.1/thumb/v7e-m+fp/hard\libgcc.a(_dvmd_tls.o)
                              c:/st/stm32cubeide_1.12.0/stm32cubeide/plugins/com.st.stm32cube.ide.mcu.externaltools.gnu-tools-for-stm32.10.3-2021.10.win32_1.0.200.202301161003/tools/bin/../lib/gcc/arm-none-eabi/10.3.1/thumb/v7e-m+fp/hard\libgcc.a(_aeabi_uldivmod.o) (__aeabi_ldiv0)

Discarded input sections

 .text          0x0000000000000000        0x0 c:/st/stm32cubeide_1.12.0/stm32cubeide/plugins/com.st.stm32cube.ide.mcu.externaltools.gnu-tools-for-stm32.10.3-2021.10.win32_1.0.200.202301161003/tools/bin/../lib/gcc/arm-none-eabi/10.3.1/thumb/v7e-m+fp/hard/crti.o
 .data          0x0000000000000000        0x0 c:/st/stm32cubeide_1.12.0/stm32cubeide/plugins/com.st.stm32cube.ide.mcu.externaltools.gnu-tools-for-stm32.10.3-2021.10.win32_1.0.200.202301161003/tools/bin/../lib/gcc/arm-none-eabi/10.3.1/thumb/v7e-m+fp/hard/crti.o
 .bss           0x0000000000000000        0x0 c:/st/stm32cubeide_1.12.0/stm32cubeide/plugins/com.st.stm32cube.ide.mcu.externaltools.gnu-tools-for-stm32.10.3-2021.10.win32_1.0.200.202301161003/tools/bin/../lib/gcc/arm-none-eabi/10.3.1/thumb/v7e-m+fp/hard/crti.o
[...]
Memory Configuration

Name             Origin             Length             Attributes
CCMRAM           0x0000000010000000 0x0000000000010000 xrw
RAM              0x0000000020000000 0x0000000000030000 xrw
FLASH            0x0000000008000000 0x0000000000200000 xr
*default*        0x0000000000000000 0xffffffffffffffff

Linker script and memory map

LOAD c:/st/stm32cubeide_1.12.0/stm32cubeide/plugins/com.st.stm32cube.ide.mcu.externaltools.gnu-tools-for-stm32.10.3-2021.10.win32_1.0.200.202301161003/tools/bin/../lib/gcc/arm-none-eabi/10.3.1/thumb/v7e-m+fp/hard/crti.o
LOAD c:/st/stm32cubeide_1.12.0/stm32cubeide/plugins/com.st.stm32cube.ide.mcu.externaltools.gnu-tools-for-stm32.10.3-2021.10.win32_1.0.200.202301161003/tools/bin/../lib/gcc/arm-none-eabi/10.3.1/thumb/v7e-m+fp/hard/crtbegin.o
LOAD c:/st/stm32cubeide_1.12.0/stm32cubeide/plugins/com.st.stm32cube.ide.mcu.externaltools.gnu-tools-for-stm32.10.3-2021.10.win32_1.0.200.202301161003/tools/bin/../lib/gcc/arm-none-eabi/10.3.1/../../../../arm-none-eabi/lib/thumb/v7e-m+fp/hard/crt0.o
LOAD ./Core/Src/asm_func.o
LOAD ./Core/Src/main.o
LOAD ./Core/Src/stm32f4xx_hal_msp.o
LOAD ./Core/Src/stm32f4xx_it.o
LOAD ./Core/Src/syscalls.o
LOAD ./Core/Src/sysmem.o
LOAD ./Core/Src/system_stm32f4xx.o
LOAD ./Core/Startup/startup_stm32f429zitx.o
LOAD ./Drivers/STM32F4xx_HAL_Driver/stm32f4xx_hal.o
LOAD ./Drivers/STM32F4xx_HAL_Driver/stm32f4xx_hal_cortex.o
LOAD ./Drivers/STM32F4xx_HAL_Driver/stm32f4xx_hal_dma.o
LOAD ./Drivers/STM32F4xx_HAL_Driver/stm32f4xx_hal_dma_ex.o
LOAD ./Drivers/STM32F4xx_HAL_Driver/stm32f4xx_hal_eth.o
LOAD ./Drivers/STM32F4xx_HAL_Driver/stm32f4xx_hal_exti.o
LOAD ./Drivers/STM32F4xx_HAL_Driver/stm32f4xx_hal_flash.o
LOAD ./Drivers/STM32F4xx_HAL_Driver/stm32f4xx_hal_flash_ex.o
LOAD ./Drivers/STM32F4xx_HAL_Driver/stm32f4xx_hal_flash_ramfunc.o
LOAD ./Drivers/STM32F4xx_HAL_Driver/stm32f4xx_hal_gpio.o
LOAD ./Drivers/STM32F4xx_HAL_Driver/stm32f4xx_hal_pcd.o
LOAD ./Drivers/STM32F4xx_HAL_Driver/stm32f4xx_hal_pcd_ex.o
LOAD ./Drivers/STM32F4xx_HAL_Driver/stm32f4xx_hal_pwr.o
LOAD ./Drivers/STM32F4xx_HAL_Driver/stm32f4xx_hal_pwr_ex.o
LOAD ./Drivers/STM32F4xx_HAL_Driver/stm32f4xx_hal_rcc.o
LOAD ./Drivers/STM32F4xx_HAL_Driver/stm32f4xx_hal_rcc_ex.o
LOAD ./Drivers/STM32F4xx_HAL_Driver/stm32f4xx_hal_tim.o
LOAD ./Drivers/STM32F4xx_HAL_Driver/stm32f4xx_hal_tim_ex.o
LOAD ./Drivers/STM32F4xx_HAL_Driver/stm32f4xx_hal_uart.o
LOAD ./Drivers/STM32F4xx_HAL_Driver/stm32f4xx_ll_usb.o
START GROUP
LOAD c:/st/stm32cubeide_1.12.0/stm32cubeide/plugins/com.st.stm32cube.ide.mcu.externaltools.gnu-tools-for-stm32.10.3-2021.10.win32_1.0.200.202301161003/tools/bin/../lib/gcc/arm-none-eabi/10.3.1/../../../../arm-none-eabi/lib/thumb/v7e-m+fp/hard\libc_nano.a
LOAD c:/st/stm32cubeide_1.12.0/stm32cubeide/plugins/com.st.stm32cube.ide.mcu.externaltools.gnu-tools-for-stm32.10.3-2021.10.win32_1.0.200.202301161003/tools/bin/../lib/gcc/arm-none-eabi/10.3.1/../../../../arm-none-eabi/lib/thumb/v7e-m+fp/hard\libm.a
END GROUP
START GROUP
LOAD c:/st/stm32cubeide_1.12.0/stm32cubeide/plugins/com.st.stm32cube.ide.mcu.externaltools.gnu-tools-for-stm32.10.3-2021.10.win32_1.0.200.202301161003/tools/bin/../lib/gcc/arm-none-eabi/10.3.1/thumb/v7e-m+fp/hard\libgcc.a
LOAD c:/st/stm32cubeide_1.12.0/stm32cubeide/plugins/com.st.stm32cube.ide.mcu.externaltools.gnu-tools-for-stm32.10.3-2021.10.win32_1.0.200.202301161003/tools/bin/../lib/gcc/arm-none-eabi/10.3.1/../../../../arm-none-eabi/lib/thumb/v7e-m+fp/hard\libc_nano.a
END GROUP
START GROUP
LOAD c:/st/stm32cubeide_1.12.0/stm32cubeide/plugins/com.st.stm32cube.ide.mcu.externaltools.gnu-tools-for-stm32.10.3-2021.10.win32_1.0.200.202301161003/tools/bin/../lib/gcc/arm-none-eabi/10.3.1/thumb/v7e-m+fp/hard\libgcc.a
LOAD c:/st/stm32cubeide_1.12.0/stm32cubeide/plugins/com.st.stm32cube.ide.mcu.externaltools.gnu-tools-for-stm32.10.3-2021.10.win32_1.0.200.202301161003/tools/bin/../lib/gcc/arm-none-eabi/10.3.1/../../../../arm-none-eabi/lib/thumb/v7e-m+fp/hard\libc_nano.a
LOAD c:/st/stm32cubeide_1.12.0/stm32cubeide/plugins/com.st.stm32cube.ide.mcu.externaltools.gnu-tools-for-stm32.10.3-2021.10.win32_1.0.200.202301161003/tools/bin/../lib/gcc/arm-none-eabi/10.3.1/../../../../arm-none-eabi/lib/thumb/v7e-m+fp/hard\libnosys.a
END GROUP
START GROUP
LOAD c:/st/stm32cubeide_1.12.0/stm32cubeide/plugins/com.st.stm32cube.ide.mcu.externaltools.gnu-tools-for-stm32.10.3-2021.10.win32_1.0.200.202301161003/tools/bin/../lib/gcc/arm-none-eabi/10.3.1/thumb/v7e-m+fp/hard\libgcc.a
LOAD c:/st/stm32cubeide_1.12.0/stm32cubeide/plugins/com.st.stm32cube.ide.mcu.externaltools.gnu-tools-for-stm32.10.3-2021.10.win32_1.0.200.202301161003/tools/bin/../lib/gcc/arm-none-eabi/10.3.1/../../../../arm-none-eabi/lib/thumb/v7e-m+fp/hard\libc_nano.a
LOAD c:/st/stm32cubeide_1.12.0/stm32cubeide/plugins/com.st.stm32cube.ide.mcu.externaltools.gnu-tools-for-stm32.10.3-2021.10.win32_1.0.200.202301161003/tools/bin/../lib/gcc/arm-none-eabi/10.3.1/../../../../arm-none-eabi/lib/thumb/v7e-m+fp/hard\libnosys.a
END GROUP
LOAD c:/st/stm32cubeide_1.12.0/stm32cubeide/plugins/com.st.stm32cube.ide.mcu.externaltools.gnu-tools-for-stm32.10.3-2021.10.win32_1.0.200.202301161003/tools/bin/../lib/gcc/arm-none-eabi/10.3.1/thumb/v7e-m+fp/hard/crtend.o
LOAD c:/st/stm32cubeide_1.12.0/stm32cubeide/plugins/com.st.stm32cube.ide.mcu.externaltools.gnu-tools-for-stm32.10.3-2021.10.win32_1.0.200.202301161003/tools/bin/../lib/gcc/arm-none-eabi/10.3.1/thumb/v7e-m+fp/hard/crtn.o
                0x0000000020030000                _estack = (ORIGIN (RAM) + LENGTH (RAM))
                0x0000000000000200                _Min_Heap_Size = 0x200
                0x0000000000000400                _Min_Stack_Size = 0x400

.isr_vector     0x0000000008000000      0x1ac
                0x0000000008000000                . = ALIGN (0x4)
 *(.isr_vector)
 .isr_vector    0x0000000008000000      0x1ac ./Core/Startup/startup_stm32f429zitx.o
                0x0000000008000000                g_pfnVectors
                0x00000000080001ac                . = ALIGN (0x4)

.text           0x00000000080001ac     0x4020
                0x00000000080001ac                . = ALIGN (0x4)
 *(.text)
 .text          0x00000000080001ac       0x40 c:/st/stm32cubeide_1.12.0/stm32cubeide/plugins/com.st.stm32cube.ide.mcu.externaltools.gnu-tools-for-stm32.10.3-2021.10.win32_1.0.200.202301161003/tools/bin/../lib/gcc/arm-none-eabi/10.3.1/thumb/v7e-m+fp/hard/crtbegin.o
 .text          0x00000000080001ec      0x19e ./Core/Src/asm_func.o
                0x00000000080001ec                asm_svc
                0x00000000080001f0                asm_sum
                0x00000000080001f4                asm_zeros
                0x0000000008000206                asm_productoEscalar32
                0x000000000800021c                asm_productoEscalar16
                0x0000000008000232                asm_productoEscalar12
                0x000000000800024c                asm_filtroVentana10
                0x000000000800029a                asm_pack32to16
                0x00000000080002b4                asm_max32
                0x00000000080002de                asm_downsampleM
                0x00000000080002fe                asm_invertir
                0x0000000008000326                asm_eco
                0x000000000800035e                asm_calcularCorrelacion
 *fill*         0x000000000800038a        0x2 
 .text          0x000000000800038c       0x30 c:/st/stm32cubeide_1.12.0/stm32cubeide/plugins/com.st.stm32cube.ide.mcu.externaltools.gnu-tools-for-stm32.10.3-2021.10.win32_1.0.200.202301161003/tools/bin/../lib/gcc/arm-none-eabi/10.3.1/thumb/v7e-m+fp/hard\libgcc.a(_aeabi_uldivmod.o)
                0x000000000800038c                __aeabi_uldivmod
 .text          0x00000000080003bc      0x2d0 c:/st/stm32cubeide_1.12.0/stm32cubeide/plugins/com.st.stm32cube.ide.mcu.externaltools.gnu-tools-for-stm32.10.3-2021.10.win32_1.0.200.202301161003/tools/bin/../lib/gcc/arm-none-eabi/10.3.1/thumb/v7e-m+fp/hard\libgcc.a(_udivmoddi4.o)
                0x00000000080003bc                __udivmoddi4
 .text          0x000000000800068c        0x4 c:/st/stm32cubeide_1.12.0/stm32cubeide/plugins/com.st.stm32cube.ide.mcu.externaltools.gnu-tools-for-stm32.10.3-2021.10.win32_1.0.200.202301161003/tools/bin/../lib/gcc/arm-none-eabi/10.3.1/thumb/v7e-m+fp/hard\libgcc.a(_dvmd_tls.o)
                0x000000000800068c                __aeabi_idiv0
                0x000000000800068c                __aeabi_ldiv0
 *(.text*)
 .text.PrivilegiosSVC
                0x0000000008000690       0x62 ./Core/Src/main.o
 .text.zeros    0x00000000080006f2       0x38 ./Core/Src/main.o
                0x00000000080006f2                zeros
 .text.zeros_optimizada
                0x000000000800072a       0x38 ./Core/Src/main.o
                0x000000000800072a                zeros_optimizada
 .text.productoEscalar32
                0x0000000008000762       0x4a ./Core/Src/main.o
                0x0000000008000762                productoEscalar32
 .text.productoEscalar16
                0x00000000080007ac       0x4c ./Core/Src/main.o
                0x00000000080007ac                productoEscalar16
 .text.productoEscalar12
                0x00000000080007f8       0x6a ./Core/Src/main.o
                0x00000000080007f8                productoEscalar12
 .text.filtroVentana10
                0x0000000008000862       0xb6 ./Core/Src/main.o
                0x0000000008000862                filtroVentana10
 .text.pack32to16
                0x0000000008000918       0x46 ./Core/Src/main.o
                0x0000000008000918                pack32to16
 .text.max      0x000000000800095e       0x56 ./Core/Src/main.o
                0x000000000800095e                max
 .text.downsampleM
                0x00000000080009b4       0x50 ./Core/Src/main.o
                0x00000000080009b4                downsampleM
 .text.invertir
                0x0000000008000a04       0x6e ./Core/Src/main.o
                0x0000000008000a04                invertir
 .text.introducirEco
                0x0000000008000a72       0xb0 ./Core/Src/main.o
                0x0000000008000a72                introducirEco
 .text.introducirEco_Intrinsic
                0x0000000008000b22       0xca ./Core/Src/main.o
                0x0000000008000b22                introducirEco_Intrinsic
 .text.main     0x0000000008000bec      0xa10 ./Core/Src/main.o
                0x0000000008000bec                main
 .text.SystemClock_Config
                0x00000000080015fc       0xd4 ./Core/Src/main.o
                0x00000000080015fc                SystemClock_Config
 .text.MX_ETH_Init
                0x00000000080016d0       0x9c ./Core/Src/main.o
 .text.MX_USART3_UART_Init
                0x000000000800176c       0x54 ./Core/Src/main.o
 .text.MX_USB_OTG_FS_PCD_Init
                0x00000000080017c0       0x5c ./Core/Src/main.o
 .text.MX_GPIO_Init
                0x000000000800181c      0x15c ./Core/Src/main.o
 .text.Error_Handler
                0x0000000008001978        0xa ./Core/Src/main.o
                0x0000000008001978                Error_Handler
 *fill*         0x0000000008001982        0x2 
 .text.HAL_MspInit
                0x0000000008001984       0x50 ./Core/Src/stm32f4xx_hal_msp.o
                0x0000000008001984                HAL_MspInit
 .text.HAL_ETH_MspInit
                0x00000000080019d4      0x18c ./Core/Src/stm32f4xx_hal_msp.o
                0x00000000080019d4                HAL_ETH_MspInit
 .text.HAL_UART_MspInit
                0x0000000008001b60       0x90 ./Core/Src/stm32f4xx_hal_msp.o
                0x0000000008001b60                HAL_UART_MspInit
 .text.HAL_PCD_MspInit
                0x0000000008001bf0       0xb4 ./Core/Src/stm32f4xx_hal_msp.o
                0x0000000008001bf0                HAL_PCD_MspInit
 .text.NMI_Handler
                0x0000000008001ca4        0x6 ./Core/Src/stm32f4xx_it.o
                0x0000000008001ca4                NMI_Handler
 .text.HardFault_Handler
                0x0000000008001caa        0x6 ./Core/Src/stm32f4xx_it.o
                0x0000000008001caa                HardFault_Handler
 .text.MemManage_Handler
                0x0000000008001cb0        0x6 ./Core/Src/stm32f4xx_it.o
                0x0000000008001cb0                MemManage_Handler
 .text.BusFault_Handler
                0x0000000008001cb6        0x6 ./Core/Src/stm32f4xx_it.o
                0x0000000008001cb6                BusFault_Handler
 .text.UsageFault_Handler
                0x0000000008001cbc        0x6 ./Core/Src/stm32f4xx_it.o
                0x0000000008001cbc                UsageFault_Handler
 .text.SVC_Handler
                0x0000000008001cc2       0x30 ./Core/Src/stm32f4xx_it.o
                0x0000000008001cc2                SVC_Handler
 .text.DebugMon_Handler
                0x0000000008001cf2        0xe ./Core/Src/stm32f4xx_it.o
                0x0000000008001cf2                DebugMon_Handler
 .text.PendSV_Handler
                0x0000000008001d00        0xe ./Core/Src/stm32f4xx_it.o
                0x0000000008001d00                PendSV_Handler
 .text.SysTick_Handler
                0x0000000008001d0e        0xc ./Core/Src/stm32f4xx_it.o
                0x0000000008001d0e                SysTick_Handler
 *fill*         0x0000000008001d1a        0x2 
 .text.SystemInit
                0x0000000008001d1c       0x24 ./Core/Src/system_stm32f4xx.o
                0x0000000008001d1c                SystemInit
 .text.Reset_Handler
                0x0000000008001d40       0x54 ./Core/Startup/startup_stm32f429zitx.o
                0x0000000008001d40                Reset_Handler
 .text.Default_Handler
                0x0000000008001d94        0x2 ./Core/Startup/startup_stm32f429zitx.o
                0x0000000008001d94                RTC_Alarm_IRQHandler
                0x0000000008001d94                HASH_RNG_IRQHandler
                0x0000000008001d94                EXTI2_IRQHandler
                0x0000000008001d94                TIM8_CC_IRQHandler
                0x0000000008001d94                UART8_IRQHandler
                0x0000000008001d94                SPI4_IRQHandler
                0x0000000008001d94                TIM1_CC_IRQHandler
                0x0000000008001d94                DMA2_Stream5_IRQHandler
                0x0000000008001d94                DMA1_Stream5_IRQHandler
                0x0000000008001d94                PVD_IRQHandler
                0x0000000008001d94                SDIO_IRQHandler
                0x0000000008001d94                TAMP_STAMP_IRQHandler
                0x0000000008001d94                CAN2_RX1_IRQHandler
                0x0000000008001d94                EXTI3_IRQHandler
                0x0000000008001d94                TIM8_TRG_COM_TIM14_IRQHandler
                0x0000000008001d94                TIM1_UP_TIM10_IRQHandler
                0x0000000008001d94                TIM8_UP_TIM13_IRQHandler
                0x0000000008001d94                I2C3_ER_IRQHandler
                0x0000000008001d94                EXTI0_IRQHandler
                0x0000000008001d94                I2C2_EV_IRQHandler
                0x0000000008001d94                DMA1_Stream2_IRQHandler
                0x0000000008001d94                CAN1_RX0_IRQHandler
                0x0000000008001d94                FPU_IRQHandler
                0x0000000008001d94                OTG_HS_WKUP_IRQHandler
                0x0000000008001d94                LTDC_ER_IRQHandler
                0x0000000008001d94                CAN2_SCE_IRQHandler
                0x0000000008001d94                DMA2_Stream2_IRQHandler
                0x0000000008001d94                SPI1_IRQHandler
                0x0000000008001d94                TIM6_DAC_IRQHandler
                0x0000000008001d94                TIM1_BRK_TIM9_IRQHandler
                0x0000000008001d94                DCMI_IRQHandler
                0x0000000008001d94                CAN2_RX0_IRQHandler
                0x0000000008001d94                DMA2_Stream3_IRQHandler
                0x0000000008001d94                USART6_IRQHandler
                0x0000000008001d94                USART3_IRQHandler
                0x0000000008001d94                CAN1_RX1_IRQHandler
                0x0000000008001d94                UART5_IRQHandler
                0x0000000008001d94                DMA2_Stream0_IRQHandler
                0x0000000008001d94                TIM4_IRQHandler
                0x0000000008001d94                I2C1_EV_IRQHandler
                0x0000000008001d94                DMA1_Stream6_IRQHandler
                0x0000000008001d94                DMA1_Stream1_IRQHandler
                0x0000000008001d94                UART4_IRQHandler
                0x0000000008001d94                TIM3_IRQHandler
                0x0000000008001d94                RCC_IRQHandler
                0x0000000008001d94                TIM8_BRK_TIM12_IRQHandler
                0x0000000008001d94                Default_Handler
                0x0000000008001d94                EXTI15_10_IRQHandler
                0x0000000008001d94                ADC_IRQHandler
                0x0000000008001d94                DMA1_Stream7_IRQHandler
                0x0000000008001d94                SPI5_IRQHandler
                0x0000000008001d94                TIM7_IRQHandler
                0x0000000008001d94                CAN2_TX_IRQHandler
                0x0000000008001d94                TIM5_IRQHandler
                0x0000000008001d94                DMA2_Stream7_IRQHandler
                0x0000000008001d94                I2C3_EV_IRQHandler
                0x0000000008001d94                EXTI9_5_IRQHandler
                0x0000000008001d94                RTC_WKUP_IRQHandler
                0x0000000008001d94                LTDC_IRQHandler
                0x0000000008001d94                ETH_WKUP_IRQHandler
                0x0000000008001d94                SPI2_IRQHandler
                0x0000000008001d94                OTG_HS_EP1_IN_IRQHandler
                0x0000000008001d94                DMA1_Stream0_IRQHandler
                0x0000000008001d94                CAN1_TX_IRQHandler
                0x0000000008001d94                EXTI4_IRQHandler
                0x0000000008001d94                ETH_IRQHandler
                0x0000000008001d94                OTG_HS_EP1_OUT_IRQHandler
                0x0000000008001d94                WWDG_IRQHandler
                0x0000000008001d94                SPI6_IRQHandler
                0x0000000008001d94                TIM2_IRQHandler
                0x0000000008001d94                OTG_FS_WKUP_IRQHandler
                0x0000000008001d94                TIM1_TRG_COM_TIM11_IRQHandler
                0x0000000008001d94                OTG_HS_IRQHandler
                0x0000000008001d94                DMA2D_IRQHandler
                0x0000000008001d94                EXTI1_IRQHandler
                0x0000000008001d94                UART7_IRQHandler
                0x0000000008001d94                USART2_IRQHandler
                0x0000000008001d94                I2C2_ER_IRQHandler
                0x0000000008001d94                DMA2_Stream1_IRQHandler
                0x0000000008001d94                CAN1_SCE_IRQHandler
                0x0000000008001d94                FLASH_IRQHandler
                0x0000000008001d94                DMA2_Stream4_IRQHandler
                0x0000000008001d94                USART1_IRQHandler
                0x0000000008001d94                OTG_FS_IRQHandler
                0x0000000008001d94                SPI3_IRQHandler
                0x0000000008001d94                DMA1_Stream4_IRQHandler
                0x0000000008001d94                I2C1_ER_IRQHandler
                0x0000000008001d94                FMC_IRQHandler
                0x0000000008001d94                DMA2_Stream6_IRQHandler
                0x0000000008001d94                SAI1_IRQHandler
                0x0000000008001d94                DMA1_Stream3_IRQHandler
 *fill*         0x0000000008001d96        0x2 
 .text.HAL_Init
                0x0000000008001d98       0x44 ./Drivers/STM32F4xx_HAL_Driver/stm32f4xx_hal.o
                0x0000000008001d98                HAL_Init
 .text.HAL_InitTick
                0x0000000008001ddc       0x60 ./Drivers/STM32F4xx_HAL_Driver/stm32f4xx_hal.o
                0x0000000008001ddc                HAL_InitTick
 .text.HAL_IncTick
                0x0000000008001e3c       0x28 ./Drivers/STM32F4xx_HAL_Driver/stm32f4xx_hal.o
                0x0000000008001e3c                HAL_IncTick
 .text.HAL_GetTick
                0x0000000008001e64       0x18 ./Drivers/STM32F4xx_HAL_Driver/stm32f4xx_hal.o
                0x0000000008001e64                HAL_GetTick
 .text.HAL_Delay
                0x0000000008001e7c       0x48 ./Drivers/STM32F4xx_HAL_Driver/stm32f4xx_hal.o
                0x0000000008001e7c                HAL_Delay
 .text.__NVIC_SetPriorityGrouping
                0x0000000008001ec4       0x48 ./Drivers/STM32F4xx_HAL_Driver/stm32f4xx_hal_cortex.o
 .text.__NVIC_GetPriorityGrouping
                0x0000000008001f0c       0x1c ./Drivers/STM32F4xx_HAL_Driver/stm32f4xx_hal_cortex.o
 .text.__NVIC_SetPriority
                0x0000000008001f28       0x54 ./Drivers/STM32F4xx_HAL_Driver/stm32f4xx_hal_cortex.o
 .text.NVIC_EncodePriority
                0x0000000008001f7c       0x66 ./Drivers/STM32F4xx_HAL_Driver/stm32f4xx_hal_cortex.o
 *fill*         0x0000000008001fe2        0x2 
 .text.SysTick_Config
                0x0000000008001fe4       0x44 ./Drivers/STM32F4xx_HAL_Driver/stm32f4xx_hal_cortex.o
 .text.HAL_NVIC_SetPriorityGrouping
                0x0000000008002028       0x16 ./Drivers/STM32F4xx_HAL_Driver/stm32f4xx_hal_cortex.o
                0x0000000008002028                HAL_NVIC_SetPriorityGrouping
 .text.HAL_NVIC_SetPriority
                0x000000000800203e       0x38 ./Drivers/STM32F4xx_HAL_Driver/stm32f4xx_hal_cortex.o
                0x000000000800203e                HAL_NVIC_SetPriority
 .text.HAL_SYSTICK_Config
                0x0000000008002076       0x18 ./Drivers/STM32F4xx_HAL_Driver/stm32f4xx_hal_cortex.o
                0x0000000008002076                HAL_SYSTICK_Config
 *fill*         0x000000000800208e        0x2 
 .text.HAL_ETH_Init
                0x0000000008002090       0xfc ./Drivers/STM32F4xx_HAL_Driver/stm32f4xx_hal_eth.o
                0x0000000008002090                HAL_ETH_Init
 .text.ETH_SetMACConfig
                0x000000000800218c      0x160 ./Drivers/STM32F4xx_HAL_Driver/stm32f4xx_hal_eth.o
 .text.ETH_SetDMAConfig
                0x00000000080022ec      0x114 ./Drivers/STM32F4xx_HAL_Driver/stm32f4xx_hal_eth.o
 .text.ETH_MACDMAConfig
                0x0000000008002400       0xe4 ./Drivers/STM32F4xx_HAL_Driver/stm32f4xx_hal_eth.o
 .text.ETH_MACAddressConfig
                0x00000000080024e4       0x70 ./Drivers/STM32F4xx_HAL_Driver/stm32f4xx_hal_eth.o
 .text.ETH_DMATxDescListInit
                0x0000000008002554       0xb2 ./Drivers/STM32F4xx_HAL_Driver/stm32f4xx_hal_eth.o
 .text.ETH_DMARxDescListInit
                0x0000000008002606       0xda ./Drivers/STM32F4xx_HAL_Driver/stm32f4xx_hal_eth.o
 .text.HAL_GPIO_Init
                0x00000000080026e0      0x358 ./Drivers/STM32F4xx_HAL_Driver/stm32f4xx_hal_gpio.o
                0x00000000080026e0                HAL_GPIO_Init
 .text.HAL_GPIO_WritePin
                0x0000000008002a38       0x32 ./Drivers/STM32F4xx_HAL_Driver/stm32f4xx_hal_gpio.o
                0x0000000008002a38                HAL_GPIO_WritePin
 .text.HAL_PCD_Init
                0x0000000008002a6a      0x23a ./Drivers/STM32F4xx_HAL_Driver/stm32f4xx_hal_pcd.o
                0x0000000008002a6a                HAL_PCD_Init
 .text.HAL_RCC_OscConfig
                0x0000000008002ca4      0x4f0 ./Drivers/STM32F4xx_HAL_Driver/stm32f4xx_hal_rcc.o
                0x0000000008002ca4                HAL_RCC_OscConfig
 .text.HAL_RCC_ClockConfig
                0x0000000008003194      0x1cc ./Drivers/STM32F4xx_HAL_Driver/stm32f4xx_hal_rcc.o
                0x0000000008003194                HAL_RCC_ClockConfig
 .text.HAL_RCC_GetSysClockFreq
                0x0000000008003360      0x20c ./Drivers/STM32F4xx_HAL_Driver/stm32f4xx_hal_rcc.o
                0x0000000008003360                HAL_RCC_GetSysClockFreq
 .text.HAL_RCC_GetHCLKFreq
                0x000000000800356c       0x18 ./Drivers/STM32F4xx_HAL_Driver/stm32f4xx_hal_rcc.o
                0x000000000800356c                HAL_RCC_GetHCLKFreq
 .text.HAL_RCC_GetPCLK1Freq
                0x0000000008003584       0x28 ./Drivers/STM32F4xx_HAL_Driver/stm32f4xx_hal_rcc.o
                0x0000000008003584                HAL_RCC_GetPCLK1Freq
 .text.HAL_RCC_GetPCLK2Freq
                0x00000000080035ac       0x28 ./Drivers/STM32F4xx_HAL_Driver/stm32f4xx_hal_rcc.o
                0x00000000080035ac                HAL_RCC_GetPCLK2Freq
 .text.HAL_UART_Init
                0x00000000080035d4       0x9a ./Drivers/STM32F4xx_HAL_Driver/stm32f4xx_hal_uart.o
                0x00000000080035d4                HAL_UART_Init
 *fill*         0x000000000800366e        0x2 
 .text.UART_SetConfig
                0x0000000008003670      0x4e8 ./Drivers/STM32F4xx_HAL_Driver/stm32f4xx_hal_uart.o
 .text.USB_CoreInit
                0x0000000008003b58       0xc2 ./Drivers/STM32F4xx_HAL_Driver/stm32f4xx_ll_usb.o
                0x0000000008003b58                USB_CoreInit
 .text.USB_DisableGlobalInt
                0x0000000008003c1a       0x22 ./Drivers/STM32F4xx_HAL_Driver/stm32f4xx_ll_usb.o
                0x0000000008003c1a                USB_DisableGlobalInt
 .text.USB_SetCurrentMode
                0x0000000008003c3c       0x98 ./Drivers/STM32F4xx_HAL_Driver/stm32f4xx_ll_usb.o
                0x0000000008003c3c                USB_SetCurrentMode
 .text.USB_DevInit
                0x0000000008003cd4      0x2c8 ./Drivers/STM32F4xx_HAL_Driver/stm32f4xx_ll_usb.o
                0x0000000008003cd4                USB_DevInit
 .text.USB_FlushTxFifo
                0x0000000008003f9c       0x68 ./Drivers/STM32F4xx_HAL_Driver/stm32f4xx_ll_usb.o
                0x0000000008003f9c                USB_FlushTxFifo
 .text.USB_FlushRxFifo
                0x0000000008004004       0x60 ./Drivers/STM32F4xx_HAL_Driver/stm32f4xx_ll_usb.o
                0x0000000008004004                USB_FlushRxFifo
 .text.USB_SetDevSpeed
                0x0000000008004064       0x32 ./Drivers/STM32F4xx_HAL_Driver/stm32f4xx_ll_usb.o
                0x0000000008004064                USB_SetDevSpeed
 .text.USB_DevDisconnect
                0x0000000008004096       0x42 ./Drivers/STM32F4xx_HAL_Driver/stm32f4xx_ll_usb.o
                0x0000000008004096                USB_DevDisconnect
 .text.USB_GetMode
                0x00000000080040d8       0x1c ./Drivers/STM32F4xx_HAL_Driver/stm32f4xx_ll_usb.o
                0x00000000080040d8                USB_GetMode
 .text.USB_CoreReset
                0x00000000080040f4       0x68 ./Drivers/STM32F4xx_HAL_Driver/stm32f4xx_ll_usb.o
 .text.__libc_init_array
                0x000000000800415c       0x48 c:/st/stm32cubeide_1.12.0/stm32cubeide/plugins/com.st.stm32cube.ide.mcu.externaltools.gnu-tools-for-stm32.10.3-2021.10.win32_1.0.200.202301161003/tools/bin/../lib/gcc/arm-none-eabi/10.3.1/../../../../arm-none-eabi/lib/thumb/v7e-m+fp/hard\libc_nano.a(lib_a-init.o)
                0x000000000800415c                __libc_init_array
 .text.memset   0x00000000080041a4       0x10 c:/st/stm32cubeide_1.12.0/stm32cubeide/plugins/com.st.stm32cube.ide.mcu.externaltools.gnu-tools-for-stm32.10.3-2021.10.win32_1.0.200.202301161003/tools/bin/../lib/gcc/arm-none-eabi/10.3.1/../../../../arm-none-eabi/lib/thumb/v7e-m+fp/hard\libc_nano.a(lib_a-memset.o)
                0x00000000080041a4                memset
 *(.glue_7)
 .glue_7        0x00000000080041b4        0x0 linker stubs
 *(.glue_7t)
 .glue_7t       0x00000000080041b4        0x0 linker stubs
 *(.eh_frame)
 .eh_frame      0x00000000080041b4        0x0 c:/st/stm32cubeide_1.12.0/stm32cubeide/plugins/com.st.stm32cube.ide.mcu.externaltools.gnu-tools-for-stm32.10.3-2021.10.win32_1.0.200.202301161003/tools/bin/../lib/gcc/arm-none-eabi/10.3.1/thumb/v7e-m+fp/hard/crtbegin.o
 *(.init)
 .init          0x00000000080041b4        0x4 c:/st/stm32cubeide_1.12.0/stm32cubeide/plugins/com.st.stm32cube.ide.mcu.externaltools.gnu-tools-for-stm32.10.3-2021.10.win32_1.0.200.202301161003/tools/bin/../lib/gcc/arm-none-eabi/10.3.1/thumb/v7e-m+fp/hard/crti.o
                0x00000000080041b4                _init
 .init          0x00000000080041b8        0x8 c:/st/stm32cubeide_1.12.0/stm32cubeide/plugins/com.st.stm32cube.ide.mcu.externaltools.gnu-tools-for-stm32.10.3-2021.10.win32_1.0.200.202301161003/tools/bin/../lib/gcc/arm-none-eabi/10.3.1/thumb/v7e-m+fp/hard/crtn.o
 *(.fini)
 .fini          0x00000000080041c0        0x4 c:/st/stm32cubeide_1.12.0/stm32cubeide/plugins/com.st.stm32cube.ide.mcu.externaltools.gnu-tools-for-stm32.10.3-2021.10.win32_1.0.200.202301161003/tools/bin/../lib/gcc/arm-none-eabi/10.3.1/thumb/v7e-m+fp/hard/crti.o
                0x00000000080041c0                _fini
 .fini          0x00000000080041c4        0x8 c:/st/stm32cubeide_1.12.0/stm32cubeide/plugins/com.st.stm32cube.ide.mcu.externaltools.gnu-tools-for-stm32.10.3-2021.10.win32_1.0.200.202301161003/tools/bin/../lib/gcc/arm-none-eabi/10.3.1/thumb/v7e-m+fp/hard/crtn.o
                0x00000000080041cc                . = ALIGN (0x4)
                0x00000000080041cc                _etext = .

.vfp11_veneer   0x00000000080041cc        0x0
 .vfp11_veneer  0x00000000080041cc        0x0 linker stubs

.v4_bx          0x00000000080041cc        0x0
 .v4_bx         0x00000000080041cc        0x0 linker stubs

.iplt           0x00000000080041cc        0x0
 .iplt          0x00000000080041cc        0x0 c:/st/stm32cubeide_1.12.0/stm32cubeide/plugins/com.st.stm32cube.ide.mcu.externaltools.gnu-tools-for-stm32.10.3-2021.10.win32_1.0.200.202301161003/tools/bin/../lib/gcc/arm-none-eabi/10.3.1/thumb/v7e-m+fp/hard/crtbegin.o

.rodata         0x00000000080041cc       0xf8
                0x00000000080041cc                . = ALIGN (0x4)
 *(.rodata)
 .rodata        0x00000000080041cc       0xe0 ./Core/Src/main.o
 *(.rodata*)
 .rodata.AHBPrescTable
                0x00000000080042ac       0x10 ./Core/Src/system_stm32f4xx.o
                0x00000000080042ac                AHBPrescTable
 .rodata.APBPrescTable
                0x00000000080042bc        0x8 ./Core/Src/system_stm32f4xx.o
                0x00000000080042bc                APBPrescTable
                0x00000000080042c4                . = ALIGN (0x4)

.ARM.extab      0x00000000080042c4        0x0
                0x00000000080042c4                . = ALIGN (0x4)
 *(.ARM.extab* .gnu.linkonce.armextab.*)
                0x00000000080042c4                . = ALIGN (0x4)

.ARM            0x00000000080042c4        0x8
                0x00000000080042c4                . = ALIGN (0x4)
                0x00000000080042c4                __exidx_start = .
 *(.ARM.exidx*)
 .ARM.exidx     0x00000000080042c4        0x8 c:/st/stm32cubeide_1.12.0/stm32cubeide/plugins/com.st.stm32cube.ide.mcu.externaltools.gnu-tools-for-stm32.10.3-2021.10.win32_1.0.200.202301161003/tools/bin/../lib/gcc/arm-none-eabi/10.3.1/thumb/v7e-m+fp/hard\libgcc.a(_udivmoddi4.o)
                0x00000000080042cc                __exidx_end = .
                0x00000000080042cc                . = ALIGN (0x4)

.rel.dyn        0x00000000080042cc        0x0
 .rel.iplt      0x00000000080042cc        0x0 c:/st/stm32cubeide_1.12.0/stm32cubeide/plugins/com.st.stm32cube.ide.mcu.externaltools.gnu-tools-for-stm32.10.3-2021.10.win32_1.0.200.202301161003/tools/bin/../lib/gcc/arm-none-eabi/10.3.1/thumb/v7e-m+fp/hard/crtbegin.o

.preinit_array  0x00000000080042cc        0x0
                0x00000000080042cc                . = ALIGN (0x4)
                0x00000000080042cc                PROVIDE (__preinit_array_start = .)
 *(.preinit_array*)
                0x00000000080042cc                PROVIDE (__preinit_array_end = .)
                0x00000000080042cc                . = ALIGN (0x4)

.init_array     0x00000000080042cc        0x4
                0x00000000080042cc                . = ALIGN (0x4)
                0x00000000080042cc                PROVIDE (__init_array_start = .)
 *(SORT_BY_NAME(.init_array.*))
 *(.init_array*)
 .init_array    0x00000000080042cc        0x4 c:/st/stm32cubeide_1.12.0/stm32cubeide/plugins/com.st.stm32cube.ide.mcu.externaltools.gnu-tools-for-stm32.10.3-2021.10.win32_1.0.200.202301161003/tools/bin/../lib/gcc/arm-none-eabi/10.3.1/thumb/v7e-m+fp/hard/crtbegin.o
                0x00000000080042d0                PROVIDE (__init_array_end = .)
                0x00000000080042d0                . = ALIGN (0x4)

.fini_array     0x00000000080042d0        0x4
                0x00000000080042d0                . = ALIGN (0x4)
                [!provide]                        PROVIDE (__fini_array_start = .)
 *(SORT_BY_NAME(.fini_array.*))
 *(.fini_array*)
 .fini_array    0x00000000080042d0        0x4 c:/st/stm32cubeide_1.12.0/stm32cubeide/plugins/com.st.stm32cube.ide.mcu.externaltools.gnu-tools-for-stm32.10.3-2021.10.win32_1.0.200.202301161003/tools/bin/../lib/gcc/arm-none-eabi/10.3.1/thumb/v7e-m+fp/hard/crtbegin.o
                [!provide]                        PROVIDE (__fini_array_end = .)
                0x00000000080042d4                . = ALIGN (0x4)
                0x00000000080042d4                _sidata = LOADADDR (.data)

.data           0x0000000020000000        0xc load address 0x00000000080042d4
                0x0000000020000000                . = ALIGN (0x4)
                0x0000000020000000                _sdata = .
 *(.data)
 *(.data*)
 .data.SystemCoreClock
                0x0000000020000000        0x4 ./Core/Src/system_stm32f4xx.o
                0x0000000020000000                SystemCoreClock
 .data.uwTickPrio
                0x0000000020000004        0x4 ./Drivers/STM32F4xx_HAL_Driver/stm32f4xx_hal.o
                0x0000000020000004                uwTickPrio
 .data.uwTickFreq
                0x0000000020000008        0x1 ./Drivers/STM32F4xx_HAL_Driver/stm32f4xx_hal.o
                0x0000000020000008                uwTickFreq
 *(.RamFunc)
 *(.RamFunc*)
                0x000000002000000c                . = ALIGN (0x4)
 *fill*         0x0000000020000009        0x3 
                0x000000002000000c                _edata = .
                0x00000000080042e0                _siccmram = LOADADDR (.ccmram)

.igot.plt       0x000000002000000c        0x0 load address 0x00000000080042e0
 .igot.plt      0x000000002000000c        0x0 c:/st/stm32cubeide_1.12.0/stm32cubeide/plugins/com.st.stm32cube.ide.mcu.externaltools.gnu-tools-for-stm32.10.3-2021.10.win32_1.0.200.202301161003/tools/bin/../lib/gcc/arm-none-eabi/10.3.1/thumb/v7e-m+fp/hard/crtbegin.o

.ccmram         0x0000000010000000        0x0 load address 0x00000000080042e0
                0x0000000010000000                . = ALIGN (0x4)
                0x0000000010000000                _sccmram = .
 *(.ccmram)
 *(.ccmram*)
                0x0000000010000000                . = ALIGN (0x4)
                0x0000000010000000                _eccmram = .
                0x0000000010000000                . = ALIGN (0x4)

.bss            0x000000002000000c      0x7a0
                0x000000002000000c                _sbss = .
                0x000000002000000c                __bss_start__ = _sbss
 *(.bss)
 .bss           0x000000002000000c       0x1c c:/st/stm32cubeide_1.12.0/stm32cubeide/plugins/com.st.stm32cube.ide.mcu.externaltools.gnu-tools-for-stm32.10.3-2021.10.win32_1.0.200.202301161003/tools/bin/../lib/gcc/arm-none-eabi/10.3.1/thumb/v7e-m+fp/hard/crtbegin.o
 *(.bss*)
 .bss.TxConfig  0x0000000020000028       0x38 ./Core/Src/main.o
                0x0000000020000028                TxConfig
 .bss.DMARxDscrTab
                0x0000000020000060       0xa0 ./Core/Src/main.o
                0x0000000020000060                DMARxDscrTab
 .bss.DMATxDscrTab
                0x0000000020000100       0xa0 ./Core/Src/main.o
                0x0000000020000100                DMATxDscrTab
 .bss.heth      0x00000000200001a0       0xb0 ./Core/Src/main.o
                0x00000000200001a0                heth
 .bss.huart3    0x0000000020000250       0x44 ./Core/Src/main.o
                0x0000000020000250                huart3
 .bss.hpcd_USB_OTG_FS
                0x0000000020000294      0x50c ./Core/Src/main.o
                0x0000000020000294                hpcd_USB_OTG_FS
 .bss.MACAddr.0
                0x00000000200007a0        0x6 ./Core/Src/main.o
 *fill*         0x00000000200007a6        0x2 
 .bss.uwTick    0x00000000200007a8        0x4 ./Drivers/STM32F4xx_HAL_Driver/stm32f4xx_hal.o
                0x00000000200007a8                uwTick
 *(COMMON)
                0x00000000200007ac                . = ALIGN (0x4)
                0x00000000200007ac                _ebss = .
                0x00000000200007ac                __bss_end__ = _ebss

._user_heap_stack
                0x00000000200007ac      0x604
                0x00000000200007b0                . = ALIGN (0x8)
 *fill*         0x00000000200007ac        0x4 
                [!provide]                        PROVIDE (end = .)
                0x00000000200007b0                PROVIDE (_end = .)
                0x00000000200009b0                . = (. + _Min_Heap_Size)
 *fill*         0x00000000200007b0      0x200 
                0x0000000020000db0                . = (. + _Min_Stack_Size)
 *fill*         0x00000000200009b0      0x400 
                0x0000000020000db0                . = ALIGN (0x8)

/DISCARD/
 libc.a(*)
 libm.a(*)
 libgcc.a(*)

.ARM.attributes
                0x0000000000000000       0x30
 *(.ARM.attributes)
 .ARM.attributes
                0x0000000000000000       0x1e c:/st/stm32cubeide_1.12.0/stm32cubeide/plugins/com.st.stm32cube.ide.mcu.externaltools.gnu-tools-for-stm32.10.3-2021.10.win32_1.0.200.202301161003/tools/bin/../lib/gcc/arm-none-eabi/10.3.1/thumb/v7e-m+fp/hard/crti.o
 .ARM.attributes
                0x000000000000001e       0x34 c:/st/stm32cubeide_1.12.0/stm32cubeide/plugins/com.st.stm32cube.ide.mcu.externaltools.gnu-tools-for-stm32.10.3-2021.10.win32_1.0.200.202301161003/tools/bin/../lib/gcc/arm-none-eabi/10.3.1/thumb/v7e-m+fp/hard/crtbegin.o
 .ARM.attributes
                0x0000000000000052       0x20 ./Core/Src/asm_func.o
 .ARM.attributes
                0x0000000000000072       0x34 ./Core/Src/main.o
 .ARM.attributes
                0x00000000000000a6       0x34 ./Core/Src/stm32f4xx_hal_msp.o
 .ARM.attributes
                0x00000000000000da       0x34 ./Core/Src/stm32f4xx_it.o
 .ARM.attributes
                0x000000000000010e       0x34 ./Core/Src/system_stm32f4xx.o
 .ARM.attributes
                0x0000000000000142       0x21 ./Core/Startup/startup_stm32f429zitx.o
 .ARM.attributes
                0x0000000000000163       0x34 ./Drivers/STM32F4xx_HAL_Driver/stm32f4xx_hal.o
 .ARM.attributes
                0x0000000000000197       0x34 ./Drivers/STM32F4xx_HAL_Driver/stm32f4xx_hal_cortex.o
 .ARM.attributes
                0x00000000000001cb       0x34 ./Drivers/STM32F4xx_HAL_Driver/stm32f4xx_hal_eth.o
 .ARM.attributes
                0x00000000000001ff       0x34 ./Drivers/STM32F4xx_HAL_Driver/stm32f4xx_hal_gpio.o
 .ARM.attributes
                0x0000000000000233       0x34 ./Drivers/STM32F4xx_HAL_Driver/stm32f4xx_hal_pcd.o
 .ARM.attributes
                0x0000000000000267       0x34 ./Drivers/STM32F4xx_HAL_Driver/stm32f4xx_hal_rcc.o
 .ARM.attributes
                0x000000000000029b       0x34 ./Drivers/STM32F4xx_HAL_Driver/stm32f4xx_hal_uart.o
 .ARM.attributes
                0x00000000000002cf       0x34 ./Drivers/STM32F4xx_HAL_Driver/stm32f4xx_ll_usb.o
 .ARM.attributes
                0x0000000000000303       0x34 c:/st/stm32cubeide_1.12.0/stm32cubeide/plugins/com.st.stm32cube.ide.mcu.externaltools.gnu-tools-for-stm32.10.3-2021.10.win32_1.0.200.202301161003/tools/bin/../lib/gcc/arm-none-eabi/10.3.1/../../../../arm-none-eabi/lib/thumb/v7e-m+fp/hard\libc_nano.a(lib_a-init.o)
 .ARM.attributes
                0x0000000000000337       0x34 c:/st/stm32cubeide_1.12.0/stm32cubeide/plugins/com.st.stm32cube.ide.mcu.externaltools.gnu-tools-for-stm32.10.3-2021.10.win32_1.0.200.202301161003/tools/bin/../lib/gcc/arm-none-eabi/10.3.1/../../../../arm-none-eabi/lib/thumb/v7e-m+fp/hard\libc_nano.a(lib_a-memset.o)
 .ARM.attributes
                0x000000000000036b       0x1e c:/st/stm32cubeide_1.12.0/stm32cubeide/plugins/com.st.stm32cube.ide.mcu.externaltools.gnu-tools-for-stm32.10.3-2021.10.win32_1.0.200.202301161003/tools/bin/../lib/gcc/arm-none-eabi/10.3.1/thumb/v7e-m+fp/hard\libgcc.a(_aeabi_uldivmod.o)
 .ARM.attributes
                0x0000000000000389       0x34 c:/st/stm32cubeide_1.12.0/stm32cubeide/plugins/com.st.stm32cube.ide.mcu.externaltools.gnu-tools-for-stm32.10.3-2021.10.win32_1.0.200.202301161003/tools/bin/../lib/gcc/arm-none-eabi/10.3.1/thumb/v7e-m+fp/hard\libgcc.a(_udivmoddi4.o)
 .ARM.attributes
                0x00000000000003bd       0x1e c:/st/stm32cubeide_1.12.0/stm32cubeide/plugins/com.st.stm32cube.ide.mcu.externaltools.gnu-tools-for-stm32.10.3-2021.10.win32_1.0.200.202301161003/tools/bin/../lib/gcc/arm-none-eabi/10.3.1/thumb/v7e-m+fp/hard\libgcc.a(_dvmd_tls.o)
 .ARM.attributes
                0x00000000000003db       0x1e c:/st/stm32cubeide_1.12.0/stm32cubeide/plugins/com.st.stm32cube.ide.mcu.externaltools.gnu-tools-for-stm32.10.3-2021.10.win32_1.0.200.202301161003/tools/bin/../lib/gcc/arm-none-eabi/10.3.1/thumb/v7e-m+fp/hard/crtn.o
OUTPUT(adm_c16.elf elf32-littlearm)
LOAD linker stubs
LOAD c:/st/stm32cubeide_1.12.0/stm32cubeide/plugins/com.st.stm32cube.ide.mcu.externaltools.gnu-tools-for-stm32.10.3-2021.10.win32_1.0.200.202301161003/tools/bin/../lib/gcc/arm-none-eabi/10.3.1/../../../../arm-none-eabi/lib/thumb/v7e-m+fp/hard\libc.a
LOAD c:/st/stm32cubeide_1.12.0/stm32cubeide/plugins/com.st.stm32cube.ide.mcu.externaltools.gnu-tools-for-stm32.10.3-2021.10.win32_1.0.200.202301161003/tools/bin/../lib/gcc/arm-none-eabi/10.3.1/../../../../arm-none-eabi/lib/thumb/v7e-m+fp/hard\libm.a
LOAD c:/st/stm32cubeide_1.12.0/stm32cubeide/plugins/com.st.stm32cube.ide.mcu.externaltools.gnu-tools-for-stm32.10.3-2021.10.win32_1.0.200.202301161003/tools/bin/../lib/gcc/arm-none-eabi/10.3.1/thumb/v7e-m+fp/hard\libgcc.a

.debug_line     0x0000000000000000     0xd961
 .debug_line    0x0000000000000000       0xf8 ./Core/Src/asm_func.o
 .debug_line    0x00000000000000f8     0x124b ./Core/Src/main.o
 .debug_line    0x0000000000001343      0x90c ./Core/Src/stm32f4xx_hal_msp.o
 .debug_line    0x0000000000001c4f      0x8bf ./Core/Src/stm32f4xx_it.o
 .debug_line    0x000000000000250e      0x85e ./Core/Src/system_stm32f4xx.o
 .debug_line    0x0000000000002d6c       0x8a ./Core/Startup/startup_stm32f429zitx.o
 .debug_line    0x0000000000002df6      0xb35 ./Drivers/STM32F4xx_HAL_Driver/stm32f4xx_hal.o
 .debug_line    0x000000000000392b      0xdae ./Drivers/STM32F4xx_HAL_Driver/stm32f4xx_hal_cortex.o
 .debug_line    0x00000000000046d9     0x1a70 ./Drivers/STM32F4xx_HAL_Driver/stm32f4xx_hal_eth.o
 .debug_line    0x0000000000006149      0xc9b ./Drivers/STM32F4xx_HAL_Driver/stm32f4xx_hal_gpio.o
 .debug_line    0x0000000000006de4     0x15a2 ./Drivers/STM32F4xx_HAL_Driver/stm32f4xx_hal_pcd.o
 .debug_line    0x0000000000008386      0xe7b ./Drivers/STM32F4xx_HAL_Driver/stm32f4xx_hal_rcc.o
 .debug_line    0x0000000000009201     0x2ba4 ./Drivers/STM32F4xx_HAL_Driver/stm32f4xx_hal_uart.o
 .debug_line    0x000000000000bda5     0x1bbc ./Drivers/STM32F4xx_HAL_Driver/stm32f4xx_ll_usb.o

.debug_info     0x0000000000000000     0xf65a
 .debug_info    0x0000000000000000       0x26 ./Core/Src/asm_func.o
 .debug_info    0x0000000000000026     0x286e ./Core/Src/main.o
 .debug_info    0x0000000000002894     0x1840 ./Core/Src/stm32f4xx_hal_msp.o
 .debug_info    0x00000000000040d4      0x1b5 ./Core/Src/stm32f4xx_it.o
 .debug_info    0x0000000000004289      0x53f ./Core/Src/system_stm32f4xx.o
 .debug_info    0x00000000000047c8       0x22 ./Core/Startup/startup_stm32f429zitx.o
 .debug_info    0x00000000000047ea      0x9f4 ./Drivers/STM32F4xx_HAL_Driver/stm32f4xx_hal.o
 .debug_info    0x00000000000051de      0xe51 ./Drivers/STM32F4xx_HAL_Driver/stm32f4xx_hal_cortex.o
 .debug_info    0x000000000000602f     0x223b ./Drivers/STM32F4xx_HAL_Driver/stm32f4xx_hal_eth.o
 .debug_info    0x000000000000826a      0x786 ./Drivers/STM32F4xx_HAL_Driver/stm32f4xx_hal_gpio.o
 .debug_info    0x00000000000089f0     0x1695 ./Drivers/STM32F4xx_HAL_Driver/stm32f4xx_hal_pcd.o
 .debug_info    0x000000000000a085      0x982 ./Drivers/STM32F4xx_HAL_Driver/stm32f4xx_hal_rcc.o
 .debug_info    0x000000000000aa07     0x31bc ./Drivers/STM32F4xx_HAL_Driver/stm32f4xx_hal_uart.o
 .debug_info    0x000000000000dbc3     0x1a97 ./Drivers/STM32F4xx_HAL_Driver/stm32f4xx_ll_usb.o

.debug_abbrev   0x0000000000000000     0x1d82
 .debug_abbrev  0x0000000000000000       0x14 ./Core/Src/asm_func.o
 .debug_abbrev  0x0000000000000014      0x435 ./Core/Src/main.o
 .debug_abbrev  0x0000000000000449      0x23e ./Core/Src/stm32f4xx_hal_msp.o
 .debug_abbrev  0x0000000000000687      0x12a ./Core/Src/stm32f4xx_it.o
 .debug_abbrev  0x00000000000007b1      0x116 ./Core/Src/system_stm32f4xx.o
 .debug_abbrev  0x00000000000008c7       0x12 ./Core/Startup/startup_stm32f429zitx.o
 .debug_abbrev  0x00000000000008d9      0x20d ./Drivers/STM32F4xx_HAL_Driver/stm32f4xx_hal.o
 .debug_abbrev  0x0000000000000ae6      0x316 ./Drivers/STM32F4xx_HAL_Driver/stm32f4xx_hal_cortex.o
 .debug_abbrev  0x0000000000000dfc      0x2d3 ./Drivers/STM32F4xx_HAL_Driver/stm32f4xx_hal_eth.o
 .debug_abbrev  0x00000000000010cf      0x1c4 ./Drivers/STM32F4xx_HAL_Driver/stm32f4xx_hal_gpio.o
 .debug_abbrev  0x0000000000001293      0x2bb ./Drivers/STM32F4xx_HAL_Driver/stm32f4xx_hal_pcd.o
 .debug_abbrev  0x000000000000154e      0x2aa ./Drivers/STM32F4xx_HAL_Driver/stm32f4xx_hal_rcc.o
 .debug_abbrev  0x00000000000017f8      0x2f4 ./Drivers/STM32F4xx_HAL_Driver/stm32f4xx_hal_uart.o
 .debug_abbrev  0x0000000000001aec      0x296 ./Drivers/STM32F4xx_HAL_Driver/stm32f4xx_ll_usb.o

.debug_aranges  0x0000000000000000      0xba0
 .debug_aranges
                0x0000000000000000       0x20 ./Core/Src/asm_func.o
 .debug_aranges
                0x0000000000000020       0xc0 ./Core/Src/main.o
 .debug_aranges
                0x00000000000000e0       0x50 ./Core/Src/stm32f4xx_hal_msp.o
 .debug_aranges
                0x0000000000000130       0x60 ./Core/Src/stm32f4xx_it.o
 .debug_aranges
                0x0000000000000190       0x28 ./Core/Src/system_stm32f4xx.o
 .debug_aranges
                0x00000000000001b8       0x28 ./Core/Startup/startup_stm32f429zitx.o
 .debug_aranges
                0x00000000000001e0      0x100 ./Drivers/STM32F4xx_HAL_Driver/stm32f4xx_hal.o
 .debug_aranges
                0x00000000000002e0      0x118 ./Drivers/STM32F4xx_HAL_Driver/stm32f4xx_hal_cortex.o
 .debug_aranges
                0x00000000000003f8      0x1e0 ./Drivers/STM32F4xx_HAL_Driver/stm32f4xx_hal_eth.o
 .debug_aranges
                0x00000000000005d8       0x58 ./Drivers/STM32F4xx_HAL_Driver/stm32f4xx_hal_gpio.o
 .debug_aranges
                0x0000000000000630      0x148 ./Drivers/STM32F4xx_HAL_Driver/stm32f4xx_hal_pcd.o
 .debug_aranges
                0x0000000000000778       0x88 ./Drivers/STM32F4xx_HAL_Driver/stm32f4xx_hal_rcc.o
 .debug_aranges
                0x0000000000000800      0x200 ./Drivers/STM32F4xx_HAL_Driver/stm32f4xx_hal_uart.o
 .debug_aranges
                0x0000000000000a00      0x1a0 ./Drivers/STM32F4xx_HAL_Driver/stm32f4xx_ll_usb.o

.debug_str      0x0000000000000000    0xd98d6
 .debug_str     0x0000000000000000       0x5d ./Core/Src/asm_func.o
 .debug_str     0x000000000000005d    0xd5ddf ./Core/Src/main.o
                                      0xd6210 (size before relaxing)
 .debug_str     0x00000000000d5e3c       0xaf ./Core/Src/stm32f4xx_hal_msp.o
                                      0xd2c88 (size before relaxing)
 .debug_str     0x00000000000d5eeb       0xc9 ./Core/Src/stm32f4xx_it.o
                                      0xd1e79 (size before relaxing)
 .debug_str     0x00000000000d5fb4       0xdb ./Core/Src/system_stm32f4xx.o
                                      0xd1ab6 (size before relaxing)
 .debug_str     0x00000000000d608f       0x28 ./Core/Startup/startup_stm32f429zitx.o
                                         0x6e (size before relaxing)
 .debug_str     0x00000000000d60b7      0xbe6 ./Drivers/STM32F4xx_HAL_Driver/stm32f4xx_hal.o
                                      0xd2714 (size before relaxing)
 .debug_str     0x00000000000d6c9d      0x379 ./Drivers/STM32F4xx_HAL_Driver/stm32f4xx_hal_cortex.o
                                      0xd23f9 (size before relaxing)
 .debug_str     0x00000000000d7016     0x1225 ./Drivers/STM32F4xx_HAL_Driver/stm32f4xx_hal_eth.o
                                      0xd337e (size before relaxing)
 .debug_str     0x00000000000d823b      0x117 ./Drivers/STM32F4xx_HAL_Driver/stm32f4xx_hal_gpio.o
                                      0xd1c6c (size before relaxing)
 .debug_str     0x00000000000d8352      0x838 ./Drivers/STM32F4xx_HAL_Driver/stm32f4xx_hal_pcd.o
                                      0xd25a0 (size before relaxing)
 .debug_str     0x00000000000d8b8a      0x25a ./Drivers/STM32F4xx_HAL_Driver/stm32f4xx_hal_rcc.o
                                      0xd1f25 (size before relaxing)
 .debug_str     0x00000000000d8de4      0x678 ./Drivers/STM32F4xx_HAL_Driver/stm32f4xx_hal_uart.o
                                      0xd24b1 (size before relaxing)
 .debug_str     0x00000000000d945c      0x47a ./Drivers/STM32F4xx_HAL_Driver/stm32f4xx_ll_usb.o
                                      0xd2408 (size before relaxing)

.debug_ranges   0x0000000000000000      0xae8
 .debug_ranges  0x0000000000000000       0xb0 ./Core/Src/main.o
 .debug_ranges  0x00000000000000b0       0x40 ./Core/Src/stm32f4xx_hal_msp.o
 .debug_ranges  0x00000000000000f0       0x50 ./Core/Src/stm32f4xx_it.o
 .debug_ranges  0x0000000000000140       0x18 ./Core/Src/system_stm32f4xx.o
 .debug_ranges  0x0000000000000158       0x20 ./Core/Startup/startup_stm32f429zitx.o
 .debug_ranges  0x0000000000000178       0xf0 ./Drivers/STM32F4xx_HAL_Driver/stm32f4xx_hal.o
 .debug_ranges  0x0000000000000268      0x108 ./Drivers/STM32F4xx_HAL_Driver/stm32f4xx_hal_cortex.o
 .debug_ranges  0x0000000000000370      0x1d0 ./Drivers/STM32F4xx_HAL_Driver/stm32f4xx_hal_eth.o
 .debug_ranges  0x0000000000000540       0x48 ./Drivers/STM32F4xx_HAL_Driver/stm32f4xx_hal_gpio.o
 .debug_ranges  0x0000000000000588      0x138 ./Drivers/STM32F4xx_HAL_Driver/stm32f4xx_hal_pcd.o
 .debug_ranges  0x00000000000006c0       0x78 ./Drivers/STM32F4xx_HAL_Driver/stm32f4xx_hal_rcc.o
 .debug_ranges  0x0000000000000738      0x220 ./Drivers/STM32F4xx_HAL_Driver/stm32f4xx_hal_uart.o
 .debug_ranges  0x0000000000000958      0x190 ./Drivers/STM32F4xx_HAL_Driver/stm32f4xx_ll_usb.o

.debug_macro    0x0000000000000000    0x23b2f
 .debug_macro   0x0000000000000000      0x2c9 ./Core/Src/main.o
 .debug_macro   0x00000000000002c9      0xa78 ./Core/Src/main.o
 .debug_macro   0x0000000000000d41      0x2a1 ./Core/Src/main.o
 .debug_macro   0x0000000000000fe2       0x2e ./Core/Src/main.o
 .debug_macro   0x0000000000001010       0x28 ./Core/Src/main.o
 .debug_macro   0x0000000000001038       0x22 ./Core/Src/main.o
 .debug_macro   0x000000000000105a       0x8e ./Core/Src/main.o
 .debug_macro   0x00000000000010e8       0x51 ./Core/Src/main.o
 .debug_macro   0x0000000000001139      0x103 ./Core/Src/main.o
 .debug_macro   0x000000000000123c       0x6a ./Core/Src/main.o
 .debug_macro   0x00000000000012a6      0x1df ./Core/Src/main.o
 .debug_macro   0x0000000000001485       0x1c ./Core/Src/main.o
 .debug_macro   0x00000000000014a1       0x22 ./Core/Src/main.o
 .debug_macro   0x00000000000014c3       0xd9 ./Core/Src/main.o
 .debug_macro   0x000000000000159c     0x102d ./Core/Src/main.o
 .debug_macro   0x00000000000025c9      0x11f ./Core/Src/main.o
 .debug_macro   0x00000000000026e8    0x17fc0 ./Core/Src/main.o
 .debug_macro   0x000000000001a6a8       0x6d ./Core/Src/main.o
 .debug_macro   0x000000000001a715     0x36f5 ./Core/Src/main.o
 .debug_macro   0x000000000001de0a      0x174 ./Core/Src/main.o
 .debug_macro   0x000000000001df7e       0x5c ./Core/Src/main.o
 .debug_macro   0x000000000001dfda      0xca5 ./Core/Src/main.o
 .debug_macro   0x000000000001ec7f      0x9fe ./Core/Src/main.o
 .debug_macro   0x000000000001f67d      0x115 ./Core/Src/main.o
 .debug_macro   0x000000000001f792      0x156 ./Core/Src/main.o
 .debug_macro   0x000000000001f8e8       0xa5 ./Core/Src/main.o
 .debug_macro   0x000000000001f98d      0x182 ./Core/Src/main.o
 .debug_macro   0x000000000001fb0f      0x287 ./Core/Src/main.o
 .debug_macro   0x000000000001fd96       0x5f ./Core/Src/main.o
 .debug_macro   0x000000000001fdf5      0x236 ./Core/Src/main.o
 .debug_macro   0x000000000002002b      0xd44 ./Core/Src/main.o
 .debug_macro   0x0000000000020d6f      0x132 ./Core/Src/main.o
 .debug_macro   0x0000000000020ea1      0x41d ./Core/Src/main.o
 .debug_macro   0x00000000000212be       0x2e ./Core/Src/main.o
 .debug_macro   0x00000000000212ec      0x11a ./Core/Src/main.o
 .debug_macro   0x0000000000021406       0xe2 ./Core/Src/main.o
 .debug_macro   0x00000000000214e8       0x89 ./Core/Src/main.o
 .debug_macro   0x0000000000021571      0x295 ./Core/Src/main.o
 .debug_macro   0x0000000000021806      0x248 ./Core/Src/main.o
 .debug_macro   0x0000000000021a4e       0xba ./Core/Src/main.o
 .debug_macro   0x0000000000021b08      0x134 ./Core/Src/main.o
 .debug_macro   0x0000000000021c3c      0x130 ./Core/Src/main.o
 .debug_macro   0x0000000000021d6c       0x52 ./Core/Src/main.o
 .debug_macro   0x0000000000021dbe       0x1e ./Core/Src/main.o
 .debug_macro   0x0000000000021ddc       0x3c ./Core/Src/main.o
 .debug_macro   0x0000000000021e18       0x34 ./Core/Src/main.o
 .debug_macro   0x0000000000021e4c       0x16 ./Core/Src/main.o
 .debug_macro   0x0000000000021e62       0x43 ./Core/Src/main.o
 .debug_macro   0x0000000000021ea5       0x34 ./Core/Src/main.o
 .debug_macro   0x0000000000021ed9       0x10 ./Core/Src/main.o
 .debug_macro   0x0000000000021ee9       0x58 ./Core/Src/main.o
 .debug_macro   0x0000000000021f41       0x71 ./Core/Src/main.o
 .debug_macro   0x0000000000021fb2       0x1c ./Core/Src/main.o
 .debug_macro   0x0000000000021fce      0x12a ./Core/Src/main.o
 .debug_macro   0x00000000000220f8      0x341 ./Core/Src/main.o
 .debug_macro   0x0000000000022439       0x10 ./Core/Src/main.o
 .debug_macro   0x0000000000022449       0x35 ./Core/Src/main.o
 .debug_macro   0x000000000002247e       0x20 ./Core/Src/main.o
 .debug_macro   0x000000000002249e      0x1f7 ./Core/Src/stm32f4xx_hal_msp.o
 .debug_macro   0x0000000000022695      0x201 ./Core/Src/stm32f4xx_it.o
 .debug_macro   0x0000000000022896      0x1e8 ./Core/Src/system_stm32f4xx.o
 .debug_macro   0x0000000000022a7e      0x248 ./Drivers/STM32F4xx_HAL_Driver/stm32f4xx_hal.o
 .debug_macro   0x0000000000022cc6      0x1e8 ./Drivers/STM32F4xx_HAL_Driver/stm32f4xx_hal_cortex.o
 .debug_macro   0x0000000000022eae      0x2c2 ./Drivers/STM32F4xx_HAL_Driver/stm32f4xx_hal_eth.o
 .debug_macro   0x0000000000023170      0x1ee ./Drivers/STM32F4xx_HAL_Driver/stm32f4xx_hal_gpio.o
 .debug_macro   0x000000000002335e      0x1f4 ./Drivers/STM32F4xx_HAL_Driver/stm32f4xx_hal_pcd.o
 .debug_macro   0x0000000000023552      0x20c ./Drivers/STM32F4xx_HAL_Driver/stm32f4xx_hal_rcc.o
 .debug_macro   0x000000000002375e      0x1e9 ./Drivers/STM32F4xx_HAL_Driver/stm32f4xx_hal_uart.o
 .debug_macro   0x0000000000023947      0x1e8 ./Drivers/STM32F4xx_HAL_Driver/stm32f4xx_ll_usb.o

.comment        0x0000000000000000       0x50
 .comment       0x0000000000000000       0x50 ./Core/Src/main.o
                                         0x51 (size before relaxing)
 .comment       0x0000000000000050       0x51 ./Core/Src/stm32f4xx_hal_msp.o
 .comment       0x0000000000000050       0x51 ./Core/Src/stm32f4xx_it.o
 .comment       0x0000000000000050       0x51 ./Core/Src/system_stm32f4xx.o
 .comment       0x0000000000000050       0x51 ./Drivers/STM32F4xx_HAL_Driver/stm32f4xx_hal.o
 .comment       0x0000000000000050       0x51 ./Drivers/STM32F4xx_HAL_Driver/stm32f4xx_hal_cortex.o
 .comment       0x0000000000000050       0x51 ./Drivers/STM32F4xx_HAL_Driver/stm32f4xx_hal_eth.o
 .comment       0x0000000000000050       0x51 ./Drivers/STM32F4xx_HAL_Driver/stm32f4xx_hal_gpio.o
 .comment       0x0000000000000050       0x51 ./Drivers/STM32F4xx_HAL_Driver/stm32f4xx_hal_pcd.o
 .comment       0x0000000000000050       0x51 ./Drivers/STM32F4xx_HAL_Driver/stm32f4xx_hal_rcc.o
 .comment       0x0000000000000050       0x51 ./Drivers/STM32F4xx_HAL_Driver/stm32f4xx_hal_uart.o
 .comment       0x0000000000000050       0x51 ./Drivers/STM32F4xx_HAL_Driver/stm32f4xx_ll_usb.o

.debug_frame    0x0000000000000000     0x3104
 .debug_frame   0x0000000000000000      0x318 ./Core/Src/main.o
 .debug_frame   0x0000000000000318      0x110 ./Core/Src/stm32f4xx_hal_msp.o
 .debug_frame   0x0000000000000428      0x10c ./Core/Src/stm32f4xx_it.o
 .debug_frame   0x0000000000000534       0x58 ./Core/Src/system_stm32f4xx.o
 .debug_frame   0x000000000000058c      0x3b4 ./Drivers/STM32F4xx_HAL_Driver/stm32f4xx_hal.o
 .debug_frame   0x0000000000000940      0x498 ./Drivers/STM32F4xx_HAL_Driver/stm32f4xx_hal_cortex.o
 .debug_frame   0x0000000000000dd8      0x898 ./Drivers/STM32F4xx_HAL_Driver/stm32f4xx_hal_eth.o
 .debug_frame   0x0000000000001670      0x14c ./Drivers/STM32F4xx_HAL_Driver/stm32f4xx_hal_gpio.o
 .debug_frame   0x00000000000017bc      0x5bc ./Drivers/STM32F4xx_HAL_Driver/stm32f4xx_hal_pcd.o
 .debug_frame   0x0000000000001d78      0x1f4 ./Drivers/STM32F4xx_HAL_Driver/stm32f4xx_hal_rcc.o
 .debug_frame   0x0000000000001f6c      0x92c ./Drivers/STM32F4xx_HAL_Driver/stm32f4xx_hal_uart.o
 .debug_frame   0x0000000000002898      0x7c0 ./Drivers/STM32F4xx_HAL_Driver/stm32f4xx_ll_usb.o
 .debug_frame   0x0000000000003058       0x2c c:/st/stm32cubeide_1.12.0/stm32cubeide/plugins/com.st.stm32cube.ide.mcu.externaltools.gnu-tools-for-stm32.10.3-2021.10.win32_1.0.200.202301161003/tools/bin/../lib/gcc/arm-none-eabi/10.3.1/../../../../arm-none-eabi/lib/thumb/v7e-m+fp/hard\libc_nano.a(lib_a-init.o)
 .debug_frame   0x0000000000003084       0x20 c:/st/stm32cubeide_1.12.0/stm32cubeide/plugins/com.st.stm32cube.ide.mcu.externaltools.gnu-tools-for-stm32.10.3-2021.10.win32_1.0.200.202301161003/tools/bin/../lib/gcc/arm-none-eabi/10.3.1/../../../../arm-none-eabi/lib/thumb/v7e-m+fp/hard\libc_nano.a(lib_a-memset.o)
 .debug_frame   0x00000000000030a4       0x2c c:/st/stm32cubeide_1.12.0/stm32cubeide/plugins/com.st.stm32cube.ide.mcu.externaltools.gnu-tools-for-stm32.10.3-2021.10.win32_1.0.200.202301161003/tools/bin/../lib/gcc/arm-none-eabi/10.3.1/thumb/v7e-m+fp/hard\libgcc.a(_aeabi_uldivmod.o)
 .debug_frame   0x00000000000030d0       0x34 c:/st/stm32cubeide_1.12.0/stm32cubeide/plugins/com.st.stm32cube.ide.mcu.externaltools.gnu-tools-for-stm32.10.3-2021.10.win32_1.0.200.202301161003/tools/bin/../lib/gcc/arm-none-eabi/10.3.1/thumb/v7e-m+fp/hard\libgcc.a(_udivmoddi4.o)
